main.c:156:6:my_PID_init	64	static
main.c:188:6:Queue_init	4	static
main.c:196:5:isEmpty	4	static
main.c:200:5:isFull	4	static
main.c:205:6:getSize	4	static
main.c:211:6:Enqueue	536	static
main.c:226:17:Dequeue	48	static
main.c:244:11:array_to_uint16_angel	24	static
main.c:240:6:process_command	112	static
main.c:254:11:array_to_uint16	32	static
main.c:332:6:update	8	static
main.c:367:6:HCSR04_Read	8	static
main.c:374:6:send_queue_size	16	static
main.c:389:6:send_complete	16	static
main.c:396:6:send_fin	16	static
main.c:409:5:main	8	static
main.c:515:6:SystemClock_Config	72	static
main.c:551:13:MX_TIM1_Init	96	static
main.c:625:13:MX_TIM2_Init	56	static
main.c:674:13:MX_TIM3_Init	56	static
main.c:723:13:MX_TIM4_Init	32	static
main.c:768:13:MX_TIM8_Init	96	static
main.c:846:13:MX_USART3_UART_Init	8	static
main.c:879:13:MX_GPIO_Init	40	static
main.c:935:6:HAL_UART_RxCpltCallback	80	static
main.c:979:6:HAL_GPIO_EXTI_Callback	16	static
main.c:1019:6:receiveAndTransmit	48	static
main.c:1064:6:show	104	static
main.c:1122:6:motors	16	static
main.c:1226:6:encoder_task	64	static
main.c:1343:6:Turn	16	static
main.c:1367:6:Error_Handler	4	static,ignoring_inline_asm
